// Jest Snapshot v1, https://goo.gl/fbAQLP

exports[`Web ACL Rule Global Cope testing Should match snapshot 1`] = `
{
  "Parameters": {
    "BootstrapVersion": {
      "Default": "/cdk-bootstrap/hnb659fds/version",
      "Description": "Version of the CDK Bootstrap resources in this environment, automatically retrieved from SSM Parameter Store. [cdk:skip]",
      "Type": "AWS::SSM::Parameter::Value<String>",
    },
  },
  "Resources": {
    "AllowedIpSet": {
      "Properties": {
        "Addresses": [
          "203.0.113.0/24",
          "198.51.100.0/24",
        ],
        "IPAddressVersion": "IPV4",
        "Name": "AllowedIpSet",
        "Scope": "REGIONAL",
      },
      "Type": "AWS::WAFv2::IPSet",
    },
    "WebACL": {
      "Properties": {
        "DefaultAction": {
          "Allow": {},
        },
        "Name": "WebAclWithCustomRules",
        "Rules": [
          {
            "Action": {
              "Allow": {},
            },
            "Name": "allow-ip-rule",
            "Priority": 1,
            "Statement": {
              "IPSetReferenceStatement": {
                "Arn": {
                  "Fn::GetAtt": [
                    "AllowedIpSet",
                    "Arn",
                  ],
                },
              },
            },
            "VisibilityConfig": {
              "CloudWatchMetricsEnabled": true,
              "MetricName": "AllowIPMetric",
              "SampledRequestsEnabled": true,
            },
          },
          {
            "Action": {
              "Block": {},
            },
            "Name": "block-other-ip-rule",
            "Priority": 2,
            "Statement": {
              "NotStatement": {
                "Statement": {
                  "IPSetReferenceStatement": {
                    "Arn": {
                      "Fn::GetAtt": [
                        "AllowedIpSet",
                        "Arn",
                      ],
                    },
                  },
                },
              },
            },
            "VisibilityConfig": {
              "CloudWatchMetricsEnabled": true,
              "MetricName": "BlockOtherIpMetric",
              "SampledRequestsEnabled": true,
            },
          },
        ],
        "Scope": "CLOUD_FRONT",
        "VisibilityConfig": {
          "CloudWatchMetricsEnabled": true,
          "MetricName": "WebAclMetric",
          "SampledRequestsEnabled": true,
        },
      },
      "Type": "AWS::WAFv2::WebACL",
    },
  },
  "Rules": {
    "CheckBootstrapVersion": {
      "Assertions": [
        {
          "Assert": {
            "Fn::Not": [
              {
                "Fn::Contains": [
                  [
                    "1",
                    "2",
                    "3",
                    "4",
                    "5",
                  ],
                  {
                    "Ref": "BootstrapVersion",
                  },
                ],
              },
            ],
          },
          "AssertDescription": "CDK bootstrap stack version 6 required. Please run 'cdk bootstrap' with a recent version of the CDK CLI.",
        },
      ],
    },
  },
}
`;
